// Jest Snapshot v1, https://goo.gl/fbAQLP

exports[`<EmailList /> Must render emailList component 1`] = `
ShallowWrapper {
  Symbol(enzyme.__root__): [Circular],
  Symbol(enzyme.__unrendered__): <Unknown
    emails={
        Array [
            Object {
              "body": <h6>
                monit alert -- Exists delayed_job
        </h6>,
              "id": 1,
              "title": "monit alert -- Exists delayed_job",
            },
            Object {
              "body": <h6>
                monit alert -- Exists delayed_job 2
        </h6>,
              "id": 2,
              "title": "monit alert -- Exists delayed_job 2",
            },
            Object {
              "body": "<h1>monit alert -- Exists delayed_job 3</h1>",
              "id": 3,
              "title": "monit alert -- Exists delayed_job 3",
            },
            Object {
              "body": "<h1>monit alert -- Exists delayed_job 4</h1>",
              "id": 4,
              "title": "monit alert -- Exists delayed_job 4",
            },
          ]
    }
    onClickRow={[Function]}
/>,
  Symbol(enzyme.__renderer__): Object {
    "batchedUpdates": [Function],
    "getNode": [Function],
    "render": [Function],
    "simulateError": [Function],
    "simulateEvent": [Function],
    "unmount": [Function],
  },
  Symbol(enzyme.__node__): Object {
    "instance": null,
    "key": undefined,
    "nodeType": "function",
    "props": Object {
      "children": <tbody>
        <EmailRow
                body={
                        <h6>
                                monit alert -- Exists delayed_job
                        </h6>
                }
                id={1}
                onClickRow={[Function]}
                title="monit alert -- Exists delayed_job"
        />
        <EmailRow
                body={
                        <h6>
                                monit alert -- Exists delayed_job 2
                        </h6>
                }
                id={2}
                onClickRow={[Function]}
                title="monit alert -- Exists delayed_job 2"
        />
        <EmailRow
                body="<h1>monit alert -- Exists delayed_job 3</h1>"
                id={3}
                onClickRow={[Function]}
                title="monit alert -- Exists delayed_job 3"
        />
        <EmailRow
                body="<h1>monit alert -- Exists delayed_job 4</h1>"
                id={4}
                onClickRow={[Function]}
                title="monit alert -- Exists delayed_job 4"
        />
</tbody>,
      "responsiveTag": "div",
      "tag": "table",
    },
    "ref": null,
    "rendered": Object {
      "instance": null,
      "key": undefined,
      "nodeType": "host",
      "props": Object {
        "children": Array [
          <EmailRow
            body={
                        <h6>
                                    monit alert -- Exists delayed_job
                        </h6>
            }
            id={1}
            onClickRow={[Function]}
            title="monit alert -- Exists delayed_job"
/>,
          <EmailRow
            body={
                        <h6>
                                    monit alert -- Exists delayed_job 2
                        </h6>
            }
            id={2}
            onClickRow={[Function]}
            title="monit alert -- Exists delayed_job 2"
/>,
          <EmailRow
            body="<h1>monit alert -- Exists delayed_job 3</h1>"
            id={3}
            onClickRow={[Function]}
            title="monit alert -- Exists delayed_job 3"
/>,
          <EmailRow
            body="<h1>monit alert -- Exists delayed_job 4</h1>"
            id={4}
            onClickRow={[Function]}
            title="monit alert -- Exists delayed_job 4"
/>,
        ],
      },
      "ref": null,
      "rendered": Array [
        Object {
          "instance": null,
          "key": "1",
          "nodeType": "function",
          "props": Object {
            "body": <h6>
              monit alert -- Exists delayed_job
</h6>,
            "id": 1,
            "onClickRow": [Function],
            "title": "monit alert -- Exists delayed_job",
          },
          "ref": null,
          "rendered": null,
          "type": [Function],
        },
        Object {
          "instance": null,
          "key": "2",
          "nodeType": "function",
          "props": Object {
            "body": <h6>
              monit alert -- Exists delayed_job 2
</h6>,
            "id": 2,
            "onClickRow": [Function],
            "title": "monit alert -- Exists delayed_job 2",
          },
          "ref": null,
          "rendered": null,
          "type": [Function],
        },
        Object {
          "instance": null,
          "key": "3",
          "nodeType": "function",
          "props": Object {
            "body": "<h1>monit alert -- Exists delayed_job 3</h1>",
            "id": 3,
            "onClickRow": [Function],
            "title": "monit alert -- Exists delayed_job 3",
          },
          "ref": null,
          "rendered": null,
          "type": [Function],
        },
        Object {
          "instance": null,
          "key": "4",
          "nodeType": "function",
          "props": Object {
            "body": "<h1>monit alert -- Exists delayed_job 4</h1>",
            "id": 4,
            "onClickRow": [Function],
            "title": "monit alert -- Exists delayed_job 4",
          },
          "ref": null,
          "rendered": null,
          "type": [Function],
        },
      ],
      "type": "tbody",
    },
    "type": [Function],
  },
  Symbol(enzyme.__nodes__): Array [
    Object {
      "instance": null,
      "key": undefined,
      "nodeType": "function",
      "props": Object {
        "children": <tbody>
          <EmailRow
                    body={
                              <h6>
                                        monit alert -- Exists delayed_job
                              </h6>
                    }
                    id={1}
                    onClickRow={[Function]}
                    title="monit alert -- Exists delayed_job"
          />
          <EmailRow
                    body={
                              <h6>
                                        monit alert -- Exists delayed_job 2
                              </h6>
                    }
                    id={2}
                    onClickRow={[Function]}
                    title="monit alert -- Exists delayed_job 2"
          />
          <EmailRow
                    body="<h1>monit alert -- Exists delayed_job 3</h1>"
                    id={3}
                    onClickRow={[Function]}
                    title="monit alert -- Exists delayed_job 3"
          />
          <EmailRow
                    body="<h1>monit alert -- Exists delayed_job 4</h1>"
                    id={4}
                    onClickRow={[Function]}
                    title="monit alert -- Exists delayed_job 4"
          />
</tbody>,
        "responsiveTag": "div",
        "tag": "table",
      },
      "ref": null,
      "rendered": Object {
        "instance": null,
        "key": undefined,
        "nodeType": "host",
        "props": Object {
          "children": Array [
            <EmailRow
              body={
                            <h6>
                                          monit alert -- Exists delayed_job
                            </h6>
              }
              id={1}
              onClickRow={[Function]}
              title="monit alert -- Exists delayed_job"
/>,
            <EmailRow
              body={
                            <h6>
                                          monit alert -- Exists delayed_job 2
                            </h6>
              }
              id={2}
              onClickRow={[Function]}
              title="monit alert -- Exists delayed_job 2"
/>,
            <EmailRow
              body="<h1>monit alert -- Exists delayed_job 3</h1>"
              id={3}
              onClickRow={[Function]}
              title="monit alert -- Exists delayed_job 3"
/>,
            <EmailRow
              body="<h1>monit alert -- Exists delayed_job 4</h1>"
              id={4}
              onClickRow={[Function]}
              title="monit alert -- Exists delayed_job 4"
/>,
          ],
        },
        "ref": null,
        "rendered": Array [
          Object {
            "instance": null,
            "key": "1",
            "nodeType": "function",
            "props": Object {
              "body": <h6>
                monit alert -- Exists delayed_job
</h6>,
              "id": 1,
              "onClickRow": [Function],
              "title": "monit alert -- Exists delayed_job",
            },
            "ref": null,
            "rendered": null,
            "type": [Function],
          },
          Object {
            "instance": null,
            "key": "2",
            "nodeType": "function",
            "props": Object {
              "body": <h6>
                monit alert -- Exists delayed_job 2
</h6>,
              "id": 2,
              "onClickRow": [Function],
              "title": "monit alert -- Exists delayed_job 2",
            },
            "ref": null,
            "rendered": null,
            "type": [Function],
          },
          Object {
            "instance": null,
            "key": "3",
            "nodeType": "function",
            "props": Object {
              "body": "<h1>monit alert -- Exists delayed_job 3</h1>",
              "id": 3,
              "onClickRow": [Function],
              "title": "monit alert -- Exists delayed_job 3",
            },
            "ref": null,
            "rendered": null,
            "type": [Function],
          },
          Object {
            "instance": null,
            "key": "4",
            "nodeType": "function",
            "props": Object {
              "body": "<h1>monit alert -- Exists delayed_job 4</h1>",
              "id": 4,
              "onClickRow": [Function],
              "title": "monit alert -- Exists delayed_job 4",
            },
            "ref": null,
            "rendered": null,
            "type": [Function],
          },
        ],
        "type": "tbody",
      },
      "type": [Function],
    },
  ],
  Symbol(enzyme.__options__): Object {
    "adapter": ReactSixteenAdapter {
      "options": Object {
        "enableComponentDidUpdateOnSetState": true,
        "lifecycles": Object {
          "componentDidUpdate": Object {
            "onSetState": true,
          },
          "getDerivedStateFromProps": true,
          "getSnapshotBeforeUpdate": true,
          "setState": Object {
            "skipsComponentDidUpdateOnNullish": true,
          },
        },
      },
    },
    "attachTo": undefined,
    "hydrateIn": undefined,
  },
}
`;
